// Jest Snapshot v1, https://goo.gl/fbAQLP

exports[`Meta renders correctly 1`] = `
<div>
  <p>
    Published
     
    Dec 31, 2020
  </p>
</div>
`;
