// Jest Snapshot v1, https://goo.gl/fbAQLP

exports[`Feed renders correctly 1`] = `
<div>
  <div>
    <div>
      <time
        dateTime="January 1, 22021"
      >
        January 22021
      </time>
      <span />
      <span>
        <a
          href="/data-management"
        >
          Data Management
        </a>
      </span>
    </div>
    <h2>
      <a
        href="/posts/operation-inbox-zero"
      >
        Starting 2021 with a new start and no mail
      </a>
    </h2>
    <p>
      My journey to start 2021 with a fresh (virtual) start. 
    </p>
    <a
      href="/posts/operation-inbox-zero"
    >
      Read
    </a>
  </div>
  <div>
    <div>
      <time
        dateTime="January 1, 2021"
      >
        January 2021
      </time>
      <span />
      <span>
        <a
          href="/web-development"
        >
          Web Development
        </a>
      </span>
    </div>
    <h2>
      <a
        href="/posts/normal-commit-rate"
      >
        How many commits is normal?
      </a>
    </h2>
    <p>
      I noticed that the way that I've set up my website produces a lot of commits, I'm not sure if this is normal or not.
    </p>
    <a
      href="/posts/normal-commit-rate"
    >
      Read
    </a>
  </div>
</div>
`;
