// Jest Snapshot v1, https://goo.gl/fbAQLP

exports[`Tags renders correctly 1`] = `
<div>
  <ul>
    <li>
      <a
        href="/newyear"
      >
        New Year
      </a>
    </li>
  </ul>
</div>
`;
