// Jest Snapshot v1, https://goo.gl/fbAQLP

exports[`TagsTemplate renders correctly 1`] = `
<div>
  <div>
    <div>
      <div>
        <a
          href="/"
        />
        <div>
          <h2>
            <a
              href="/"
            >
              Murali Allada
            </a>
          </h2>
        </div>
        <p>
          I help companies build reliable cloud infrastructure. Previously, I built platforms/products at @microsoft, @rackspace and @verizon.
        </p>
      </div>
      <nav>
        <ul>
          <li>
            <a
              href="/"
            >
              Articles
            </a>
          </li>
          <li>
            <a
              href="/pages/about"
            >
              About Me
            </a>
          </li>
          <li>
            <a
              href="/pages/contacts"
            >
              Contact Me
            </a>
          </li>
        </ul>
      </nav>
      <div>
        All rights reserved.
      </div>
    </div>
  </div>
  <div>
    <div>
      <h1>
        Tags
      </h1>
      <div>
        <ul>
          <li>
            <a
              href="/tag/typography/"
            >
              typography
               (
              1
              )
            </a>
          </li>
          <li>
            <a
              href="/tag/design-inspiration/"
            >
              design inspiration
               (
              1
              )
            </a>
          </li>
        </ul>
      </div>
    </div>
  </div>
</div>
`;
